[When (OrObs (AndObs (NotObs TrueObs) FalseObs) (AndObs (ValueGE (Value 20) (AddValue (MulValue (Value 2) (Value 3)) (Value 1))) (BelowTimeout 1000))) 128 Null Null]